TNC@HHD99 MINGW64 ~/OneDrive/Documents/Tinhoccoso/24171600017_Hua_Hung_Duy_bai_tap (main)
$ git push origin
Everything up-to-date

TNC@HHD99 MINGW64 ~/OneDrive/Documents/Tinhoccoso/24171600017_Hua_Hung_Duy_bai_tap (main)
$ git branch -l
* main

TNC@HHD99 MINGW64 ~/OneDrive/Documents/Tinhoccoso/24171600017_Hua_Hung_Duy_bai_tap (main)
$ git add .

TNC@HHD99 MINGW64 ~/OneDrive/Documents/Tinhoccoso/24171600017_Hua_Hung_Duy_bai_tap (main)
$ git commit -m "xoa file"
On branch main
Your branch is up to date with 'origin/main'.

nothing to commit, working tree clean

TNC@HHD99 MINGW64 ~/OneDrive/Documents/Tinhoccoso/24171600017_Hua_Hung_Duy_bai_tap (main)
$ git push origin
Everything up-to-date

TNC@HHD99 MINGW64 ~/OneDrive/Documents/Tinhoccoso/24171600017_Hua_Hung_Duy_bai_tap (main)
$
